Analysis & Synthesis report for bt9
Thu May 07 13:49:44 2026
Quartus II 64-Bit Version 13.0.1 Build 232 06/12/2013 Service Pack 1 SJ Web Edition


---------------------
; Table of Contents ;
---------------------
  1. Legal Notice
  2. Analysis & Synthesis Summary
  3. Analysis & Synthesis Settings
  4. Parallel Compilation
  5. Analysis & Synthesis Source Files Read
  6. Analysis & Synthesis Resource Usage Summary
  7. Analysis & Synthesis Resource Utilization by Entity
  8. State Machine - |bt9|state_ledr
  9. State Machine - |bt9|state_ledg
 10. State Machine - |bt9|state_hex
 11. Registers Removed During Synthesis
 12. General Register Statistics
 13. Parameter Settings for User Entity Instance: Top-level Entity: |bt9
 14. Port Connectivity Checks: "decoder_goodbye:u0"
 15. Port Connectivity Checks: "decoder_goodbye:u1"
 16. Port Connectivity Checks: "decoder_goodbye:u2"
 17. Port Connectivity Checks: "decoder_goodbye:u3"
 18. Port Connectivity Checks: "decoder_goodbye:u4"
 19. Port Connectivity Checks: "decoder_goodbye:u5"
 20. Port Connectivity Checks: "decoder_goodbye:u6"
 21. Elapsed Time Per Partition
 22. Analysis & Synthesis Messages



----------------
; Legal Notice ;
----------------
Copyright (C) 1991-2013 Altera Corporation
Your use of Altera Corporation's design tools, logic functions 
and other software and tools, and its AMPP partner logic 
functions, and any output files from any of the foregoing 
(including device programming or simulation files), and any 
associated documentation or information are expressly subject 
to the terms and conditions of the Altera Program License 
Subscription Agreement, Altera MegaCore Function License 
Agreement, or other applicable license agreement, including, 
without limitation, that your use is for the sole purpose of 
programming logic devices manufactured by Altera and sold by 
Altera or its authorized distributors.  Please refer to the 
applicable agreement for further details.



+--------------------------------------------------------------------------------------+
; Analysis & Synthesis Summary                                                         ;
+------------------------------------+-------------------------------------------------+
; Analysis & Synthesis Status        ; Successful - Thu May 07 13:49:44 2026           ;
; Quartus II 64-Bit Version          ; 13.0.1 Build 232 06/12/2013 SP 1 SJ Web Edition ;
; Revision Name                      ; bt9                                             ;
; Top-level Entity Name              ; bt9                                             ;
; Family                             ; Cyclone II                                      ;
; Total logic elements               ; 208                                             ;
;     Total combinational functions  ; 208                                             ;
;     Dedicated logic registers      ; 123                                             ;
; Total registers                    ; 123                                             ;
; Total pins                         ; 85                                              ;
; Total virtual pins                 ; 0                                               ;
; Total memory bits                  ; 0                                               ;
; Embedded Multiplier 9-bit elements ; 0                                               ;
; Total PLLs                         ; 0                                               ;
+------------------------------------+-------------------------------------------------+


+----------------------------------------------------------------------------------------------------------------------+
; Analysis & Synthesis Settings                                                                                        ;
+----------------------------------------------------------------------------+--------------------+--------------------+
; Option                                                                     ; Setting            ; Default Value      ;
+----------------------------------------------------------------------------+--------------------+--------------------+
; Device                                                                     ; EP2C35F672C6       ;                    ;
; Top-level entity name                                                      ; bt9                ; bt9                ;
; Family name                                                                ; Cyclone II         ; Cyclone IV GX      ;
; Use smart compilation                                                      ; Off                ; Off                ;
; Enable parallel Assembler and TimeQuest Timing Analyzer during compilation ; On                 ; On                 ;
; Enable compact report table                                                ; Off                ; Off                ;
; Restructure Multiplexers                                                   ; Auto               ; Auto               ;
; Create Debugging Nodes for IP Cores                                        ; Off                ; Off                ;
; Preserve fewer node names                                                  ; On                 ; On                 ;
; Disable OpenCore Plus hardware evaluation                                  ; Off                ; Off                ;
; Verilog Version                                                            ; Verilog_2001       ; Verilog_2001       ;
; VHDL Version                                                               ; VHDL_1993          ; VHDL_1993          ;
; State Machine Processing                                                   ; Auto               ; Auto               ;
; Safe State Machine                                                         ; Off                ; Off                ;
; Extract Verilog State Machines                                             ; On                 ; On                 ;
; Extract VHDL State Machines                                                ; On                 ; On                 ;
; Ignore Verilog initial constructs                                          ; Off                ; Off                ;
; Iteration limit for constant Verilog loops                                 ; 5000               ; 5000               ;
; Iteration limit for non-constant Verilog loops                             ; 250                ; 250                ;
; Add Pass-Through Logic to Inferred RAMs                                    ; On                 ; On                 ;
; Infer RAMs from Raw Logic                                                  ; On                 ; On                 ;
; Parallel Synthesis                                                         ; On                 ; On                 ;
; DSP Block Balancing                                                        ; Auto               ; Auto               ;
; NOT Gate Push-Back                                                         ; On                 ; On                 ;
; Power-Up Don't Care                                                        ; On                 ; On                 ;
; Remove Redundant Logic Cells                                               ; Off                ; Off                ;
; Remove Duplicate Registers                                                 ; On                 ; On                 ;
; Ignore CARRY Buffers                                                       ; Off                ; Off                ;
; Ignore CASCADE Buffers                                                     ; Off                ; Off                ;
; Ignore GLOBAL Buffers                                                      ; Off                ; Off                ;
; Ignore ROW GLOBAL Buffers                                                  ; Off                ; Off                ;
; Ignore LCELL Buffers                                                       ; Off                ; Off                ;
; Ignore SOFT Buffers                                                        ; On                 ; On                 ;
; Limit AHDL Integers to 32 Bits                                             ; Off                ; Off                ;
; Optimization Technique                                                     ; Balanced           ; Balanced           ;
; Carry Chain Length                                                         ; 70                 ; 70                 ;
; Auto Carry Chains                                                          ; On                 ; On                 ;
; Auto Open-Drain Pins                                                       ; On                 ; On                 ;
; Perform WYSIWYG Primitive Resynthesis                                      ; Off                ; Off                ;
; Auto ROM Replacement                                                       ; On                 ; On                 ;
; Auto RAM Replacement                                                       ; On                 ; On                 ;
; Auto Shift Register Replacement                                            ; Auto               ; Auto               ;
; Allow Shift Register Merging across Hierarchies                            ; Auto               ; Auto               ;
; Auto Clock Enable Replacement                                              ; On                 ; On                 ;
; Strict RAM Replacement                                                     ; Off                ; Off                ;
; Allow Synchronous Control Signals                                          ; On                 ; On                 ;
; Force Use of Synchronous Clear Signals                                     ; Off                ; Off                ;
; Auto RAM to Logic Cell Conversion                                          ; Off                ; Off                ;
; Auto Resource Sharing                                                      ; Off                ; Off                ;
; Allow Any RAM Size For Recognition                                         ; Off                ; Off                ;
; Allow Any ROM Size For Recognition                                         ; Off                ; Off                ;
; Allow Any Shift Register Size For Recognition                              ; Off                ; Off                ;
; Use LogicLock Constraints during Resource Balancing                        ; On                 ; On                 ;
; Ignore translate_off and synthesis_off directives                          ; Off                ; Off                ;
; Timing-Driven Synthesis                                                    ; Off                ; Off                ;
; Report Parameter Settings                                                  ; On                 ; On                 ;
; Report Source Assignments                                                  ; On                 ; On                 ;
; Report Connectivity Checks                                                 ; On                 ; On                 ;
; Ignore Maximum Fan-Out Assignments                                         ; Off                ; Off                ;
; Synchronization Register Chain Length                                      ; 2                  ; 2                  ;
; PowerPlay Power Optimization                                               ; Normal compilation ; Normal compilation ;
; HDL message level                                                          ; Level2             ; Level2             ;
; Suppress Register Optimization Related Messages                            ; Off                ; Off                ;
; Number of Removed Registers Reported in Synthesis Report                   ; 5000               ; 5000               ;
; Number of Swept Nodes Reported in Synthesis Report                         ; 5000               ; 5000               ;
; Number of Inverted Registers Reported in Synthesis Report                  ; 100                ; 100                ;
; Clock MUX Protection                                                       ; On                 ; On                 ;
; Auto Gated Clock Conversion                                                ; Off                ; Off                ;
; Block Design Naming                                                        ; Auto               ; Auto               ;
; SDC constraint protection                                                  ; Off                ; Off                ;
; Synthesis Effort                                                           ; Auto               ; Auto               ;
; Shift Register Replacement - Allow Asynchronous Clear Signal               ; On                 ; On                 ;
; Pre-Mapping Resynthesis Optimization                                       ; Off                ; Off                ;
; Analysis & Synthesis Message Level                                         ; Medium             ; Medium             ;
; Disable Register Merging Across Hierarchies                                ; Auto               ; Auto               ;
; Resource Aware Inference For Block RAM                                     ; On                 ; On                 ;
; Synthesis Seed                                                             ; 1                  ; 1                  ;
+----------------------------------------------------------------------------+--------------------+--------------------+


Parallel compilation was disabled, but you have multiple processors available. Enable parallel compilation to reduce compilation time.
+-------------------------------------+
; Parallel Compilation                ;
+----------------------------+--------+
; Processors                 ; Number ;
+----------------------------+--------+
; Number detected on machine ; 16     ;
; Maximum allowed            ; 1      ;
+----------------------------+--------+


+----------------------------------------------------------------------------------------------------------------------------+
; Analysis & Synthesis Source Files Read                                                                                     ;
+----------------------------------+-----------------+------------------------+------------------------------------+---------+
; File Name with User-Entered Path ; Used in Netlist ; File Type              ; File Name with Absolute Path       ; Library ;
+----------------------------------+-----------------+------------------------+------------------------------------+---------+
; bt9.v                            ; yes             ; User Verilog HDL File  ; D:/TaiLieu/HDL/TH/Buoi10/bt9/bt9.v ;         ;
+----------------------------------+-----------------+------------------------+------------------------------------+---------+


+--------------------------------------------------------+
; Analysis & Synthesis Resource Usage Summary            ;
+---------------------------------------------+----------+
; Resource                                    ; Usage    ;
+---------------------------------------------+----------+
; Estimated Total logic elements              ; 208      ;
;                                             ;          ;
; Total combinational functions               ; 208      ;
; Logic element usage by number of LUT inputs ;          ;
;     -- 4 input functions                    ; 71       ;
;     -- 3 input functions                    ; 4        ;
;     -- <=2 input functions                  ; 133      ;
;                                             ;          ;
; Logic elements by mode                      ;          ;
;     -- normal mode                          ; 111      ;
;     -- arithmetic mode                      ; 97       ;
;                                             ;          ;
; Total registers                             ; 123      ;
;     -- Dedicated logic registers            ; 123      ;
;     -- I/O registers                        ; 0        ;
;                                             ;          ;
; I/O pins                                    ; 85       ;
; Embedded Multiplier 9-bit elements          ; 0        ;
; Maximum fan-out node                        ; CLOCK_50 ;
; Maximum fan-out                             ; 90       ;
; Total fan-out                               ; 892      ;
; Average fan-out                             ; 2.14     ;
+---------------------------------------------+----------+


+-----------------------------------------------------------------------------------------------------------------------------------------------------------------------------+
; Analysis & Synthesis Resource Utilization by Entity                                                                                                                         ;
+----------------------------+-------------------+--------------+-------------+--------------+---------+-----------+------+--------------+---------------------+--------------+
; Compilation Hierarchy Node ; LC Combinationals ; LC Registers ; Memory Bits ; DSP Elements ; DSP 9x9 ; DSP 18x18 ; Pins ; Virtual Pins ; Full Hierarchy Name ; Library Name ;
+----------------------------+-------------------+--------------+-------------+--------------+---------+-----------+------+--------------+---------------------+--------------+
; |bt9                       ; 208 (208)         ; 123 (123)    ; 0           ; 0            ; 0       ; 0         ; 85   ; 0            ; |bt9                ; work         ;
+----------------------------+-------------------+--------------+-------------+--------------+---------+-----------+------+--------------+---------------------+--------------+
Note: For table entries with two numbers listed, the numbers in parentheses indicate the number of resources of the given type used by the specific entity alone. The numbers listed outside of parentheses indicate the total resources of the given type used by the specific entity and all of its sub-entities in the hierarchy.


Encoding Type:  One-Hot
+--------------------------------------------------------------------------------------------------------+
; State Machine - |bt9|state_ledr                                                                        ;
+--------------------+--------------------+--------------------+--------------------+--------------------+
; Name               ; state_ledr.ledr_s3 ; state_ledr.ledr_s2 ; state_ledr.ledr_s1 ; state_ledr.ledr_s0 ;
+--------------------+--------------------+--------------------+--------------------+--------------------+
; state_ledr.ledr_s0 ; 0                  ; 0                  ; 0                  ; 0                  ;
; state_ledr.ledr_s1 ; 0                  ; 0                  ; 1                  ; 1                  ;
; state_ledr.ledr_s2 ; 0                  ; 1                  ; 0                  ; 1                  ;
; state_ledr.ledr_s3 ; 1                  ; 0                  ; 0                  ; 1                  ;
+--------------------+--------------------+--------------------+--------------------+--------------------+


Encoding Type:  One-Hot
+-----------------------------------------------------------------------------------+
; State Machine - |bt9|state_ledg                                                   ;
+--------------------+--------------------+--------------------+--------------------+
; Name               ; state_ledg.ledg_s0 ; state_ledg.ledg_s2 ; state_ledg.ledg_s1 ;
+--------------------+--------------------+--------------------+--------------------+
; state_ledg.ledg_s0 ; 0                  ; 0                  ; 0                  ;
; state_ledg.ledg_s1 ; 1                  ; 0                  ; 1                  ;
; state_ledg.ledg_s2 ; 1                  ; 1                  ; 0                  ;
+--------------------+--------------------+--------------------+--------------------+


Encoding Type:  One-Hot
+---------------------------------------------------------------------------+
; State Machine - |bt9|state_hex                                            ;
+------------------+------------------+------------------+------------------+
; Name             ; state_hex.hex_s0 ; state_hex.hex_s2 ; state_hex.hex_s1 ;
+------------------+------------------+------------------+------------------+
; state_hex.hex_s0 ; 0                ; 0                ; 0                ;
; state_hex.hex_s1 ; 1                ; 0                ; 1                ;
; state_hex.hex_s2 ; 1                ; 1                ; 0                ;
+------------------+------------------+------------------+------------------+


+----------------------------------------------------------------+
; Registers Removed During Synthesis                             ;
+----------------------------------------+-----------------------+
; Register name                          ; Reason for Removal    ;
+----------------------------------------+-----------------------+
; state_ledr~2                           ; Lost fanout           ;
; state_ledr~3                           ; Lost fanout           ;
; q_ledg[0]                              ; Merged with q_hex[0]  ;
; q_ledr[0]                              ; Merged with q_hex[0]  ;
; q_ledr[1]                              ; Merged with q_hex[1]  ;
; q_ledg[1]                              ; Merged with q_hex[1]  ;
; q_ledr[2]                              ; Merged with q_ledg[2] ;
; q_ledg[2]                              ; Merged with q_hex[2]  ;
; q_ledr[3]                              ; Merged with q_ledg[3] ;
; q_ledg[3]                              ; Merged with q_hex[3]  ;
; q_ledr[4]                              ; Merged with q_hex[4]  ;
; Total Number of Removed Registers = 11 ;                       ;
+----------------------------------------+-----------------------+


+------------------------------------------------------+
; General Register Statistics                          ;
+----------------------------------------------+-------+
; Statistic                                    ; Value ;
+----------------------------------------------+-------+
; Total registers                              ; 123   ;
; Number of registers using Synchronous Clear  ; 23    ;
; Number of registers using Synchronous Load   ; 0     ;
; Number of registers using Asynchronous Clear ; 0     ;
; Number of registers using Asynchronous Load  ; 0     ;
; Number of registers using Clock Enable       ; 0     ;
; Number of registers using Preset             ; 0     ;
+----------------------------------------------+-------+


+---------------------------------------------------------------------+
; Parameter Settings for User Entity Instance: Top-level Entity: |bt9 ;
+----------------+-------+--------------------------------------------+
; Parameter Name ; Value ; Type                                       ;
+----------------+-------+--------------------------------------------+
; hex_s0         ; 00    ; Unsigned Binary                            ;
; hex_s1         ; 01    ; Unsigned Binary                            ;
; hex_s2         ; 10    ; Unsigned Binary                            ;
; ledg_s0        ; 00    ; Unsigned Binary                            ;
; ledg_s1        ; 01    ; Unsigned Binary                            ;
; ledg_s2        ; 10    ; Unsigned Binary                            ;
; ledr_s0        ; 00    ; Unsigned Binary                            ;
; ledr_s1        ; 01    ; Unsigned Binary                            ;
; ledr_s2        ; 10    ; Unsigned Binary                            ;
; ledr_s3        ; 11    ; Unsigned Binary                            ;
+----------------+-------+--------------------------------------------+
Note: In order to hide this table in the UI and the text report file, please set the "Show Parameter Settings in Synthesis Report" option in "Analysis and Synthesis Settings -> More Settings" to "Off".


+---------------------------------------------------+
; Port Connectivity Checks: "decoder_goodbye:u0"    ;
+-----------------+-------+----------+--------------+
; Port            ; Type  ; Severity ; Details      ;
+-----------------+-------+----------+--------------+
; char_code[2..1] ; Input ; Info     ; Stuck at VCC ;
+-----------------+-------+----------+--------------+


+------------------------------------------------+
; Port Connectivity Checks: "decoder_goodbye:u1" ;
+--------------+-------+----------+--------------+
; Port         ; Type  ; Severity ; Details      ;
+--------------+-------+----------+--------------+
; char_code[2] ; Input ; Info     ; Stuck at VCC ;
; char_code[0] ; Input ; Info     ; Stuck at VCC ;
+--------------+-------+----------+--------------+


+------------------------------------------------+
; Port Connectivity Checks: "decoder_goodbye:u2" ;
+--------------+-------+----------+--------------+
; Port         ; Type  ; Severity ; Details      ;
+--------------+-------+----------+--------------+
; char_code[2] ; Input ; Info     ; Stuck at VCC ;
+--------------+-------+----------+--------------+


+---------------------------------------------------+
; Port Connectivity Checks: "decoder_goodbye:u3"    ;
+-----------------+-------+----------+--------------+
; Port            ; Type  ; Severity ; Details      ;
+-----------------+-------+----------+--------------+
; char_code[1..0] ; Input ; Info     ; Stuck at VCC ;
+-----------------+-------+----------+--------------+


+------------------------------------------------+
; Port Connectivity Checks: "decoder_goodbye:u4" ;
+--------------+-------+----------+--------------+
; Port         ; Type  ; Severity ; Details      ;
+--------------+-------+----------+--------------+
; char_code[1] ; Input ; Info     ; Stuck at VCC ;
+--------------+-------+----------+--------------+


+------------------------------------------------+
; Port Connectivity Checks: "decoder_goodbye:u5" ;
+--------------+-------+----------+--------------+
; Port         ; Type  ; Severity ; Details      ;
+--------------+-------+----------+--------------+
; char_code[0] ; Input ; Info     ; Stuck at VCC ;
+--------------+-------+----------+--------------+


+------------------------------------------------+
; Port Connectivity Checks: "decoder_goodbye:u6" ;
+--------------+-------+----------+--------------+
; Port         ; Type  ; Severity ; Details      ;
+--------------+-------+----------+--------------+
; char_code[0] ; Input ; Info     ; Stuck at VCC ;
+--------------+-------+----------+--------------+


+-------------------------------+
; Elapsed Time Per Partition    ;
+----------------+--------------+
; Partition Name ; Elapsed Time ;
+----------------+--------------+
; Top            ; 00:00:00     ;
+----------------+--------------+


+-------------------------------+
; Analysis & Synthesis Messages ;
+-------------------------------+
Info: *******************************************************************
Info: Running Quartus II 64-Bit Analysis & Synthesis
    Info: Version 13.0.1 Build 232 06/12/2013 Service Pack 1 SJ Web Edition
    Info: Processing started: Thu May 07 13:49:43 2026
Info: Command: quartus_map --read_settings_files=on --write_settings_files=off bt9 -c bt9
Warning (20028): Parallel compilation is not licensed and has been disabled
Info (12021): Found 2 design units, including 2 entities, in source file bt9.v
    Info (12023): Found entity 1: bt9
    Info (12023): Found entity 2: decoder_goodbye
Info (12127): Elaborating entity "bt9" for the top level hierarchy
Warning (10230): Verilog HDL assignment warning at bt9.v(143): truncated value with size 32 to match size of target (5)
Warning (10230): Verilog HDL assignment warning at bt9.v(152): truncated value with size 32 to match size of target (5)
Info (12128): Elaborating entity "decoder_goodbye" for hierarchy "decoder_goodbye:u7"
Warning (13024): Output pins are stuck at VCC or GND
    Warning (13410): Pin "HEX7[1]" is stuck at VCC
    Warning (13410): Pin "HEX7[6]" is stuck at VCC
    Warning (13410): Pin "HEX6[6]" is stuck at VCC
    Warning (13410): Pin "HEX5[6]" is stuck at VCC
    Warning (13410): Pin "HEX4[0]" is stuck at VCC
    Warning (13410): Pin "HEX4[5]" is stuck at VCC
    Warning (13410): Pin "HEX3[0]" is stuck at VCC
    Warning (13410): Pin "HEX3[1]" is stuck at VCC
    Warning (13410): Pin "HEX2[0]" is stuck at VCC
    Warning (13410): Pin "HEX2[4]" is stuck at VCC
    Warning (13410): Pin "HEX1[1]" is stuck at VCC
    Warning (13410): Pin "HEX1[2]" is stuck at VCC
    Warning (13410): Pin "HEX0[0]" is stuck at VCC
    Warning (13410): Pin "HEX0[3]" is stuck at VCC
    Warning (13410): Pin "HEX0[4]" is stuck at VCC
    Warning (13410): Pin "HEX0[5]" is stuck at VCC
    Warning (13410): Pin "HEX0[6]" is stuck at VCC
Info (17049): 2 registers lost all their fanouts during netlist optimizations.
Info (16010): Generating hard_block partition "hard_block:auto_generated_inst"
    Info (16011): Adding 0 node(s), including 0 DDIO, 0 PLL, 0 transceiver and 0 LCELL
Warning (21074): Design contains 1 input pin(s) that do not drive logic
    Warning (15610): No output dependent on input pin "SW[0]"
Info (21057): Implemented 348 device resources after synthesis - the final resource count might be different
    Info (21058): Implemented 3 input pins
    Info (21059): Implemented 82 output pins
    Info (21061): Implemented 263 logic cells
Info: Quartus II 64-Bit Analysis & Synthesis was successful. 0 errors, 23 warnings
    Info: Peak virtual memory: 4616 megabytes
    Info: Processing ended: Thu May 07 13:49:44 2026
    Info: Elapsed time: 00:00:01
    Info: Total CPU time (on all processors): 00:00:01


