Analysis & Synthesis report for bt3
Tue Apr 21 15:47:05 2026
Quartus II 64-Bit Version 13.0.1 Build 232 06/12/2013 Service Pack 1 SJ Web Edition


---------------------
; Table of Contents ;
---------------------
  1. Legal Notice
  2. Analysis & Synthesis Summary
  3. Analysis & Synthesis Settings
  4. Parallel Compilation
  5. Analysis & Synthesis Source Files Read
  6. Analysis & Synthesis Resource Usage Summary
  7. Analysis & Synthesis Resource Utilization by Entity
  8. General Register Statistics
  9. Port Connectivity Checks: "hex_to_7seg:hex1_decoder"
 10. Port Connectivity Checks: "hex_to_7seg:dec_D"
 11. Port Connectivity Checks: "hex_to_7seg:dec_C"
 12. Port Connectivity Checks: "hex_to_7seg:dec_B"
 13. Port Connectivity Checks: "hex_to_7seg:dec_A"
 14. Port Connectivity Checks: "bai1:adder|cong1bit_logic:u0"
 15. Port Connectivity Checks: "bai8:multiplier1|cong1bit_logic:u3"
 16. Port Connectivity Checks: "bai8:multiplier1|cong1bit_logic:u2"
 17. Port Connectivity Checks: "bai8:multiplier1|cong1bit_logic:u0"
 18. Elapsed Time Per Partition
 19. Analysis & Synthesis Messages



----------------
; Legal Notice ;
----------------
Copyright (C) 1991-2013 Altera Corporation
Your use of Altera Corporation's design tools, logic functions 
and other software and tools, and its AMPP partner logic 
functions, and any output files from any of the foregoing 
(including device programming or simulation files), and any 
associated documentation or information are expressly subject 
to the terms and conditions of the Altera Program License 
Subscription Agreement, Altera MegaCore Function License 
Agreement, or other applicable license agreement, including, 
without limitation, that your use is for the sole purpose of 
programming logic devices manufactured by Altera and sold by 
Altera or its authorized distributors.  Please refer to the 
applicable agreement for further details.



+--------------------------------------------------------------------------------------+
; Analysis & Synthesis Summary                                                         ;
+------------------------------------+-------------------------------------------------+
; Analysis & Synthesis Status        ; Successful - Tue Apr 21 15:47:05 2026           ;
; Quartus II 64-Bit Version          ; 13.0.1 Build 232 06/12/2013 SP 1 SJ Web Edition ;
; Revision Name                      ; bt3                                             ;
; Top-level Entity Name              ; bt3                                             ;
; Family                             ; Cyclone II                                      ;
; Total logic elements               ; 83                                              ;
;     Total combinational functions  ; 83                                              ;
;     Dedicated logic registers      ; 0                                               ;
; Total registers                    ; 0                                               ;
; Total pins                         ; 54                                              ;
; Total virtual pins                 ; 0                                               ;
; Total memory bits                  ; 0                                               ;
; Embedded Multiplier 9-bit elements ; 0                                               ;
; Total PLLs                         ; 0                                               ;
+------------------------------------+-------------------------------------------------+


+----------------------------------------------------------------------------------------------------------------------+
; Analysis & Synthesis Settings                                                                                        ;
+----------------------------------------------------------------------------+--------------------+--------------------+
; Option                                                                     ; Setting            ; Default Value      ;
+----------------------------------------------------------------------------+--------------------+--------------------+
; Device                                                                     ; EP2C35F672C6       ;                    ;
; Top-level entity name                                                      ; bt3                ; bt3                ;
; Family name                                                                ; Cyclone II         ; Cyclone IV GX      ;
; Use smart compilation                                                      ; Off                ; Off                ;
; Enable parallel Assembler and TimeQuest Timing Analyzer during compilation ; On                 ; On                 ;
; Enable compact report table                                                ; Off                ; Off                ;
; Restructure Multiplexers                                                   ; Auto               ; Auto               ;
; Create Debugging Nodes for IP Cores                                        ; Off                ; Off                ;
; Preserve fewer node names                                                  ; On                 ; On                 ;
; Disable OpenCore Plus hardware evaluation                                  ; Off                ; Off                ;
; Verilog Version                                                            ; Verilog_2001       ; Verilog_2001       ;
; VHDL Version                                                               ; VHDL_1993          ; VHDL_1993          ;
; State Machine Processing                                                   ; Auto               ; Auto               ;
; Safe State Machine                                                         ; Off                ; Off                ;
; Extract Verilog State Machines                                             ; On                 ; On                 ;
; Extract VHDL State Machines                                                ; On                 ; On                 ;
; Ignore Verilog initial constructs                                          ; Off                ; Off                ;
; Iteration limit for constant Verilog loops                                 ; 5000               ; 5000               ;
; Iteration limit for non-constant Verilog loops                             ; 250                ; 250                ;
; Add Pass-Through Logic to Inferred RAMs                                    ; On                 ; On                 ;
; Infer RAMs from Raw Logic                                                  ; On                 ; On                 ;
; Parallel Synthesis                                                         ; On                 ; On                 ;
; DSP Block Balancing                                                        ; Auto               ; Auto               ;
; NOT Gate Push-Back                                                         ; On                 ; On                 ;
; Power-Up Don't Care                                                        ; On                 ; On                 ;
; Remove Redundant Logic Cells                                               ; Off                ; Off                ;
; Remove Duplicate Registers                                                 ; On                 ; On                 ;
; Ignore CARRY Buffers                                                       ; Off                ; Off                ;
; Ignore CASCADE Buffers                                                     ; Off                ; Off                ;
; Ignore GLOBAL Buffers                                                      ; Off                ; Off                ;
; Ignore ROW GLOBAL Buffers                                                  ; Off                ; Off                ;
; Ignore LCELL Buffers                                                       ; Off                ; Off                ;
; Ignore SOFT Buffers                                                        ; On                 ; On                 ;
; Limit AHDL Integers to 32 Bits                                             ; Off                ; Off                ;
; Optimization Technique                                                     ; Balanced           ; Balanced           ;
; Carry Chain Length                                                         ; 70                 ; 70                 ;
; Auto Carry Chains                                                          ; On                 ; On                 ;
; Auto Open-Drain Pins                                                       ; On                 ; On                 ;
; Perform WYSIWYG Primitive Resynthesis                                      ; Off                ; Off                ;
; Auto ROM Replacement                                                       ; On                 ; On                 ;
; Auto RAM Replacement                                                       ; On                 ; On                 ;
; Auto Shift Register Replacement                                            ; Auto               ; Auto               ;
; Allow Shift Register Merging across Hierarchies                            ; Auto               ; Auto               ;
; Auto Clock Enable Replacement                                              ; On                 ; On                 ;
; Strict RAM Replacement                                                     ; Off                ; Off                ;
; Allow Synchronous Control Signals                                          ; On                 ; On                 ;
; Force Use of Synchronous Clear Signals                                     ; Off                ; Off                ;
; Auto RAM to Logic Cell Conversion                                          ; Off                ; Off                ;
; Auto Resource Sharing                                                      ; Off                ; Off                ;
; Allow Any RAM Size For Recognition                                         ; Off                ; Off                ;
; Allow Any ROM Size For Recognition                                         ; Off                ; Off                ;
; Allow Any Shift Register Size For Recognition                              ; Off                ; Off                ;
; Use LogicLock Constraints during Resource Balancing                        ; On                 ; On                 ;
; Ignore translate_off and synthesis_off directives                          ; Off                ; Off                ;
; Timing-Driven Synthesis                                                    ; Off                ; Off                ;
; Report Parameter Settings                                                  ; On                 ; On                 ;
; Report Source Assignments                                                  ; On                 ; On                 ;
; Report Connectivity Checks                                                 ; On                 ; On                 ;
; Ignore Maximum Fan-Out Assignments                                         ; Off                ; Off                ;
; Synchronization Register Chain Length                                      ; 2                  ; 2                  ;
; PowerPlay Power Optimization                                               ; Normal compilation ; Normal compilation ;
; HDL message level                                                          ; Level2             ; Level2             ;
; Suppress Register Optimization Related Messages                            ; Off                ; Off                ;
; Number of Removed Registers Reported in Synthesis Report                   ; 5000               ; 5000               ;
; Number of Swept Nodes Reported in Synthesis Report                         ; 5000               ; 5000               ;
; Number of Inverted Registers Reported in Synthesis Report                  ; 100                ; 100                ;
; Clock MUX Protection                                                       ; On                 ; On                 ;
; Auto Gated Clock Conversion                                                ; Off                ; Off                ;
; Block Design Naming                                                        ; Auto               ; Auto               ;
; SDC constraint protection                                                  ; Off                ; Off                ;
; Synthesis Effort                                                           ; Auto               ; Auto               ;
; Shift Register Replacement - Allow Asynchronous Clear Signal               ; On                 ; On                 ;
; Pre-Mapping Resynthesis Optimization                                       ; Off                ; Off                ;
; Analysis & Synthesis Message Level                                         ; Medium             ; Medium             ;
; Disable Register Merging Across Hierarchies                                ; Auto               ; Auto               ;
; Resource Aware Inference For Block RAM                                     ; On                 ; On                 ;
; Synthesis Seed                                                             ; 1                  ; 1                  ;
+----------------------------------------------------------------------------+--------------------+--------------------+


Parallel compilation was disabled, but you have multiple processors available. Enable parallel compilation to reduce compilation time.
+-------------------------------------+
; Parallel Compilation                ;
+----------------------------+--------+
; Processors                 ; Number ;
+----------------------------+--------+
; Number detected on machine ; 16     ;
; Maximum allowed            ; 1      ;
+----------------------------+--------+


+---------------------------------------------------------------------------------------------------------------------------+
; Analysis & Synthesis Source Files Read                                                                                    ;
+----------------------------------+-----------------+------------------------+-----------------------------------+---------+
; File Name with User-Entered Path ; Used in Netlist ; File Type              ; File Name with Absolute Path      ; Library ;
+----------------------------------+-----------------+------------------------+-----------------------------------+---------+
; bt3.v                            ; yes             ; User Verilog HDL File  ; D:/TaiLieu/HDL/TH/Buoi8/bt3/bt3.v ;         ;
+----------------------------------+-----------------+------------------------+-----------------------------------+---------+


+-----------------------------------------------------+
; Analysis & Synthesis Resource Usage Summary         ;
+---------------------------------------------+-------+
; Resource                                    ; Usage ;
+---------------------------------------------+-------+
; Estimated Total logic elements              ; 83    ;
;                                             ;       ;
; Total combinational functions               ; 83    ;
; Logic element usage by number of LUT inputs ;       ;
;     -- 4 input functions                    ; 39    ;
;     -- 3 input functions                    ; 35    ;
;     -- <=2 input functions                  ; 9     ;
;                                             ;       ;
; Logic elements by mode                      ;       ;
;     -- normal mode                          ; 83    ;
;     -- arithmetic mode                      ; 0     ;
;                                             ;       ;
; Total registers                             ; 0     ;
;     -- Dedicated logic registers            ; 0     ;
;     -- I/O registers                        ; 0     ;
;                                             ;       ;
; I/O pins                                    ; 54    ;
; Embedded Multiplier 9-bit elements          ; 0     ;
; Maximum fan-out node                        ; SW[0] ;
; Maximum fan-out                             ; 15    ;
; Total fan-out                               ; 321   ;
; Average fan-out                             ; 2.34  ;
+---------------------------------------------+-------+


+----------------------------------------------------------------------------------------------------------------------------------------------------------------------------------------------------+
; Analysis & Synthesis Resource Utilization by Entity                                                                                                                                                ;
+-------------------------------+-------------------+--------------+-------------+--------------+---------+-----------+------+--------------+-----------------------------------------+--------------+
; Compilation Hierarchy Node    ; LC Combinationals ; LC Registers ; Memory Bits ; DSP Elements ; DSP 9x9 ; DSP 18x18 ; Pins ; Virtual Pins ; Full Hierarchy Name                     ; Library Name ;
+-------------------------------+-------------------+--------------+-------------+--------------+---------+-----------+------+--------------+-----------------------------------------+--------------+
; |bt3                          ; 83 (0)            ; 0 (0)        ; 0           ; 0            ; 0       ; 0         ; 54   ; 0            ; |bt3                                    ; work         ;
;    |bai1:adder|               ; 9 (0)             ; 0 (0)        ; 0           ; 0            ; 0       ; 0         ; 0    ; 0            ; |bt3|bai1:adder                         ; work         ;
;       |cong1bit_logic:u0|     ; 1 (1)             ; 0 (0)        ; 0           ; 0            ; 0       ; 0         ; 0    ; 0            ; |bt3|bai1:adder|cong1bit_logic:u0       ; work         ;
;       |cong1bit_logic:u1|     ; 2 (2)             ; 0 (0)        ; 0           ; 0            ; 0       ; 0         ; 0    ; 0            ; |bt3|bai1:adder|cong1bit_logic:u1       ; work         ;
;       |cong1bit_logic:u2|     ; 2 (2)             ; 0 (0)        ; 0           ; 0            ; 0       ; 0         ; 0    ; 0            ; |bt3|bai1:adder|cong1bit_logic:u2       ; work         ;
;       |cong1bit_logic:u3|     ; 2 (2)             ; 0 (0)        ; 0           ; 0            ; 0       ; 0         ; 0    ; 0            ; |bt3|bai1:adder|cong1bit_logic:u3       ; work         ;
;       |cong1bit_logic:u4|     ; 2 (2)             ; 0 (0)        ; 0           ; 0            ; 0       ; 0         ; 0    ; 0            ; |bt3|bai1:adder|cong1bit_logic:u4       ; work         ;
;    |bai8:multiplier1|         ; 17 (3)            ; 0 (0)        ; 0           ; 0            ; 0       ; 0         ; 0    ; 0            ; |bt3|bai8:multiplier1                   ; work         ;
;       |cong1bit_logic:u0|     ; 1 (1)             ; 0 (0)        ; 0           ; 0            ; 0       ; 0         ; 0    ; 0            ; |bt3|bai8:multiplier1|cong1bit_logic:u0 ; work         ;
;       |cong1bit_logic:u1|     ; 4 (4)             ; 0 (0)        ; 0           ; 0            ; 0       ; 0         ; 0    ; 0            ; |bt3|bai8:multiplier1|cong1bit_logic:u1 ; work         ;
;       |cong1bit_logic:u2|     ; 1 (1)             ; 0 (0)        ; 0           ; 0            ; 0       ; 0         ; 0    ; 0            ; |bt3|bai8:multiplier1|cong1bit_logic:u2 ; work         ;
;       |cong1bit_logic:u3|     ; 1 (1)             ; 0 (0)        ; 0           ; 0            ; 0       ; 0         ; 0    ; 0            ; |bt3|bai8:multiplier1|cong1bit_logic:u3 ; work         ;
;       |cong1bit_logic:u4|     ; 3 (3)             ; 0 (0)        ; 0           ; 0            ; 0       ; 0         ; 0    ; 0            ; |bt3|bai8:multiplier1|cong1bit_logic:u4 ; work         ;
;       |cong1bit_logic:u5|     ; 4 (4)             ; 0 (0)        ; 0           ; 0            ; 0       ; 0         ; 0    ; 0            ; |bt3|bai8:multiplier1|cong1bit_logic:u5 ; work         ;
;    |bai8:multiplier2|         ; 15 (3)            ; 0 (0)        ; 0           ; 0            ; 0       ; 0         ; 0    ; 0            ; |bt3|bai8:multiplier2                   ; work         ;
;       |cong1bit_logic:u0|     ; 1 (1)             ; 0 (0)        ; 0           ; 0            ; 0       ; 0         ; 0    ; 0            ; |bt3|bai8:multiplier2|cong1bit_logic:u0 ; work         ;
;       |cong1bit_logic:u1|     ; 4 (4)             ; 0 (0)        ; 0           ; 0            ; 0       ; 0         ; 0    ; 0            ; |bt3|bai8:multiplier2|cong1bit_logic:u1 ; work         ;
;       |cong1bit_logic:u2|     ; 1 (1)             ; 0 (0)        ; 0           ; 0            ; 0       ; 0         ; 0    ; 0            ; |bt3|bai8:multiplier2|cong1bit_logic:u2 ; work         ;
;       |cong1bit_logic:u3|     ; 1 (1)             ; 0 (0)        ; 0           ; 0            ; 0       ; 0         ; 0    ; 0            ; |bt3|bai8:multiplier2|cong1bit_logic:u3 ; work         ;
;       |cong1bit_logic:u4|     ; 2 (2)             ; 0 (0)        ; 0           ; 0            ; 0       ; 0         ; 0    ; 0            ; |bt3|bai8:multiplier2|cong1bit_logic:u4 ; work         ;
;       |cong1bit_logic:u5|     ; 3 (3)             ; 0 (0)        ; 0           ; 0            ; 0       ; 0         ; 0    ; 0            ; |bt3|bai8:multiplier2|cong1bit_logic:u5 ; work         ;
;    |hex_to_7seg:dec_A|        ; 7 (7)             ; 0 (0)        ; 0           ; 0            ; 0       ; 0         ; 0    ; 0            ; |bt3|hex_to_7seg:dec_A                  ; work         ;
;    |hex_to_7seg:dec_B|        ; 7 (7)             ; 0 (0)        ; 0           ; 0            ; 0       ; 0         ; 0    ; 0            ; |bt3|hex_to_7seg:dec_B                  ; work         ;
;    |hex_to_7seg:dec_C|        ; 7 (7)             ; 0 (0)        ; 0           ; 0            ; 0       ; 0         ; 0    ; 0            ; |bt3|hex_to_7seg:dec_C                  ; work         ;
;    |hex_to_7seg:dec_D|        ; 7 (7)             ; 0 (0)        ; 0           ; 0            ; 0       ; 0         ; 0    ; 0            ; |bt3|hex_to_7seg:dec_D                  ; work         ;
;    |hex_to_7seg:hex0_decoder| ; 7 (7)             ; 0 (0)        ; 0           ; 0            ; 0       ; 0         ; 0    ; 0            ; |bt3|hex_to_7seg:hex0_decoder           ; work         ;
;    |hex_to_7seg:hex1_decoder| ; 7 (7)             ; 0 (0)        ; 0           ; 0            ; 0       ; 0         ; 0    ; 0            ; |bt3|hex_to_7seg:hex1_decoder           ; work         ;
+-------------------------------+-------------------+--------------+-------------+--------------+---------+-----------+------+--------------+-----------------------------------------+--------------+
Note: For table entries with two numbers listed, the numbers in parentheses indicate the number of resources of the given type used by the specific entity alone. The numbers listed outside of parentheses indicate the total resources of the given type used by the specific entity and all of its sub-entities in the hierarchy.


+------------------------------------------------------+
; General Register Statistics                          ;
+----------------------------------------------+-------+
; Statistic                                    ; Value ;
+----------------------------------------------+-------+
; Total registers                              ; 0     ;
; Number of registers using Synchronous Clear  ; 0     ;
; Number of registers using Synchronous Load   ; 0     ;
; Number of registers using Asynchronous Clear ; 0     ;
; Number of registers using Asynchronous Load  ; 0     ;
; Number of registers using Clock Enable       ; 0     ;
; Number of registers using Preset             ; 0     ;
+----------------------------------------------+-------+


+------------------------------------------------------+
; Port Connectivity Checks: "hex_to_7seg:hex1_decoder" ;
+--------+-------+----------+--------------------------+
; Port   ; Type  ; Severity ; Details                  ;
+--------+-------+----------+--------------------------+
; hex[3] ; Input ; Info     ; Stuck at GND             ;
+--------+-------+----------+--------------------------+


+-----------------------------------------------+
; Port Connectivity Checks: "hex_to_7seg:dec_D" ;
+--------+-------+----------+-------------------+
; Port   ; Type  ; Severity ; Details           ;
+--------+-------+----------+-------------------+
; hex[3] ; Input ; Info     ; Stuck at GND      ;
+--------+-------+----------+-------------------+


+-----------------------------------------------+
; Port Connectivity Checks: "hex_to_7seg:dec_C" ;
+--------+-------+----------+-------------------+
; Port   ; Type  ; Severity ; Details           ;
+--------+-------+----------+-------------------+
; hex[3] ; Input ; Info     ; Stuck at GND      ;
+--------+-------+----------+-------------------+


+-----------------------------------------------+
; Port Connectivity Checks: "hex_to_7seg:dec_B" ;
+--------+-------+----------+-------------------+
; Port   ; Type  ; Severity ; Details           ;
+--------+-------+----------+-------------------+
; hex[3] ; Input ; Info     ; Stuck at GND      ;
+--------+-------+----------+-------------------+


+-----------------------------------------------+
; Port Connectivity Checks: "hex_to_7seg:dec_A" ;
+--------+-------+----------+-------------------+
; Port   ; Type  ; Severity ; Details           ;
+--------+-------+----------+-------------------+
; hex[3] ; Input ; Info     ; Stuck at GND      ;
+--------+-------+----------+-------------------+


+----------------------------------------------------------+
; Port Connectivity Checks: "bai1:adder|cong1bit_logic:u0" ;
+------+-------+----------+--------------------------------+
; Port ; Type  ; Severity ; Details                        ;
+------+-------+----------+--------------------------------+
; ci   ; Input ; Info     ; Stuck at GND                   ;
+------+-------+----------+--------------------------------+


+----------------------------------------------------------------+
; Port Connectivity Checks: "bai8:multiplier1|cong1bit_logic:u3" ;
+------+-------+----------+--------------------------------------+
; Port ; Type  ; Severity ; Details                              ;
+------+-------+----------+--------------------------------------+
; ci   ; Input ; Info     ; Stuck at GND                         ;
+------+-------+----------+--------------------------------------+


+----------------------------------------------------------------+
; Port Connectivity Checks: "bai8:multiplier1|cong1bit_logic:u2" ;
+------+-------+----------+--------------------------------------+
; Port ; Type  ; Severity ; Details                              ;
+------+-------+----------+--------------------------------------+
; b    ; Input ; Info     ; Stuck at GND                         ;
+------+-------+----------+--------------------------------------+


+----------------------------------------------------------------+
; Port Connectivity Checks: "bai8:multiplier1|cong1bit_logic:u0" ;
+------+-------+----------+--------------------------------------+
; Port ; Type  ; Severity ; Details                              ;
+------+-------+----------+--------------------------------------+
; ci   ; Input ; Info     ; Stuck at GND                         ;
+------+-------+----------+--------------------------------------+


+-------------------------------+
; Elapsed Time Per Partition    ;
+----------------+--------------+
; Partition Name ; Elapsed Time ;
+----------------+--------------+
; Top            ; 00:00:00     ;
+----------------+--------------+


+-------------------------------+
; Analysis & Synthesis Messages ;
+-------------------------------+
Info: *******************************************************************
Info: Running Quartus II 64-Bit Analysis & Synthesis
    Info: Version 13.0.1 Build 232 06/12/2013 Service Pack 1 SJ Web Edition
    Info: Processing started: Tue Apr 21 15:47:04 2026
Info: Command: quartus_map --read_settings_files=on --write_settings_files=off bt3 -c bt3
Warning (20028): Parallel compilation is not licensed and has been disabled
Info (12021): Found 5 design units, including 5 entities, in source file bt3.v
    Info (12023): Found entity 1: bt3
    Info (12023): Found entity 2: bai8
    Info (12023): Found entity 3: bai1
    Info (12023): Found entity 4: cong1bit_logic
    Info (12023): Found entity 5: hex_to_7seg
Info (12127): Elaborating entity "bt3" for the top level hierarchy
Info (12128): Elaborating entity "bai8" for hierarchy "bai8:multiplier1"
Info (12128): Elaborating entity "cong1bit_logic" for hierarchy "bai8:multiplier1|cong1bit_logic:u0"
Info (12128): Elaborating entity "bai1" for hierarchy "bai1:adder"
Info (12128): Elaborating entity "hex_to_7seg" for hierarchy "hex_to_7seg:dec_A"
Info (16010): Generating hard_block partition "hard_block:auto_generated_inst"
    Info (16011): Adding 0 node(s), including 0 DDIO, 0 PLL, 0 transceiver and 0 LCELL
Info (21057): Implemented 137 device resources after synthesis - the final resource count might be different
    Info (21058): Implemented 12 input pins
    Info (21059): Implemented 42 output pins
    Info (21061): Implemented 83 logic cells
Info: Quartus II 64-Bit Analysis & Synthesis was successful. 0 errors, 1 warning
    Info: Peak virtual memory: 4616 megabytes
    Info: Processing ended: Tue Apr 21 15:47:05 2026
    Info: Elapsed time: 00:00:01
    Info: Total CPU time (on all processors): 00:00:01


