------------------------------------------------------------
TimeQuest Timing Analyzer Summary
------------------------------------------------------------

Type  : Slow Model Setup 'CLOCK_50'
Slack : -3.228
TNS   : -196.112

Type  : Slow Model Setup 'clk5hz'
Slack : -0.065
TNS   : -0.065

Type  : Slow Model Setup 'clk1hz'
Slack : 0.106
TNS   : 0.000

Type  : Slow Model Hold 'CLOCK_50'
Slack : -2.537
TNS   : -5.061

Type  : Slow Model Hold 'clk5hz'
Slack : 0.518
TNS   : 0.000

Type  : Slow Model Hold 'clk1hz'
Slack : 0.524
TNS   : 0.000

Type  : Slow Model Minimum Pulse Width 'CLOCK_50'
Slack : -1.380
TNS   : -67.380

Type  : Slow Model Minimum Pulse Width 'clk5hz'
Slack : -0.500
TNS   : -9.000

Type  : Slow Model Minimum Pulse Width 'clk1hz'
Slack : -0.500
TNS   : -4.000

Type  : Fast Model Setup 'CLOCK_50'
Slack : -0.934
TNS   : -53.629

Type  : Fast Model Setup 'clk5hz'
Slack : 0.476
TNS   : 0.000

Type  : Fast Model Setup 'clk1hz'
Slack : 0.552
TNS   : 0.000

Type  : Fast Model Hold 'CLOCK_50'
Slack : -1.582
TNS   : -3.151

Type  : Fast Model Hold 'clk5hz'
Slack : 0.243
TNS   : 0.000

Type  : Fast Model Hold 'clk1hz'
Slack : 0.246
TNS   : 0.000

Type  : Fast Model Minimum Pulse Width 'CLOCK_50'
Slack : -1.380
TNS   : -67.380

Type  : Fast Model Minimum Pulse Width 'clk5hz'
Slack : -0.500
TNS   : -9.000

Type  : Fast Model Minimum Pulse Width 'clk1hz'
Slack : -0.500
TNS   : -4.000

------------------------------------------------------------
